// Jest Snapshot v1, https://goo.gl/fbAQLP

exports[`renders a snapshot 1`] = `
<div>
  <div
    className="card"
    style={
      Object {
        "width": "18rem",
      }
    }
  >
    <img
      className="card-img-top"
      src="data:image/png;base64,iVBORw0KGgoAAAANSUhEUgAAAOEAAADhCAMAAAAJbSJIAAAAZlBMVEX////4+PgAAAC1tbXy8vLT09Nqamr8/PypqanW1taCgoLc3Ny6urpfX1/n5+dycnLJyclHR0cjIyPCwsIvLy+fn59SUlI7Ozs2NjZQUFDj4+OLi4uZmZkbGxt8fHzFxcUPDw+Pj4/YEL32AAACuklEQVR4nO3Y7XqaMACGYUVBFBE/EG3Vdj3/k9y6biUpihkL8w17np8Kae4rGGNH46E3evQEeg9h+CEMP4ThhzD8EIYfwvBDGH4Iw++/FI4CbjZ44TXOsITDX0OECPVDiFA/hAj1Q4hQP4QI9UOIUD+ECPVDiFA/hAj1Q4hQP4QI9UOIUD+ECPVDiFA/hAj1Q4hQP4QI9UOIUD+ECPVDiFA/hAj1Q4hQP4QI9UOIUD+ECPVDiFA/hHLC9aKqnvLU/YbAhKtD9FH57HqLd2F2SpKkWJznsw6Ae62iuqnjPb6Fk88ZlK+dEK0lhrBwvMezcGpMIVp3Y7RM1hw9cpyVZ2FqTuHi+0FdWcK5202ehQtrDvuOkl/Fi5ed9YItjN1G8SysrDkc/2YRx8X7ECfzJQXhxppDlDWvmL5s8tRhwNdtc4ipnnDXuGBcvr++vTu7/bUh7J1m5TYlz8LcFi4bF/zeihZtD/C8qIcw95PYHLt0nJJn4ckWNpeq3orSG8bZ0vwwJ+ZblvDKJ+BfCJe2sPkgGRccznHzXDJdHs0B3uzJGivo+F3h/xv/mzm/pytXWM/x9sfxblKXnvKL+fbh6zPweWJKXM9sfZ7aohuHmkkZOVY0n+P1zxUuHLfRXoT1JhhFkxuXvDn5ts1tqlP+fz1lycci5be3gqy6o4su5z9Zptb6+H04fp7H8/Zvq92hzXdI3T9md3vYL+Bdccu3mXg9sT/yN352On7VXaq941HFucf/F6Pvv/N4Yd8hRKgfQoT6IUSoH0KE+iFEqB9ChPohRKgfQoT6IUSoH0KE+iFEqB9ChPohRKgfQoT6IUSoH0KE+iFEqB9ChPohRKgfQoT6IUSoH0KE+iFEqB9ChPohRKgfQoT6IUQYQIMXuq3hwEIYfgjDD2H4IQw/hOGHMPwQhh/C8EMYft8BCaNPSHLiO5kAAAAASUVORK5CYII="
    />
    <div
      className="card-body"
    >
      <div
        className="card-title h5"
      >
        pdvanevery
      </div>
      <p
        className="card-text"
      >
        Aspiring Software engineer
      </p>
    </div>
  </div>
</div>
`;
